Ring in 5 hr 1 min
Ring in 9 hr 16 min
Ring in 8 hr 19 min
Ring in 3 hr 52 min
Ring in 1 hr 29 min
Ring in 1 hr 21 min
Ring in 15 hr 36 min
Ring in 6 hr 32 min
Ring in 11 hr 18 min
Ring in 8 hr 38 min
Ring in 20 hr 37 min
Ring in 1 hr 2 min
Ring in 16 hr 34 min
Ring in 6 hr 18 min
Ring in 15 hr 35 min
Ring in 3 hr 37 min
Ring in 7 hr 23 min
Ring in 10 hr 58 min
Ring in 15 hr 11 min
Ring in 11 hr 43 min
Ring in 3 hr 41 min
Ring in 15 hr 43 min
Ring in 21 hr 
Ring in 3 hr 7 min
Ring in 5 hr 16 min
Ring in 9 hr 24 min
Ring in 5 hr 44 min
Ring in 13 hr 24 min
Ring in 10 hr 52 min
Ring in 4 hr 42 min
Ring in 19 hr 44 min
Ring in 12 hr 52 min
Ring in 19 hr 17 min
Ring in 4 hr 23 min
Ring in 6 hr 44 min
Ring in 22 hr 30 min
Ring in 21 hr 32 min
Ring in 5 hr 45 min
Ring in 22 hr 33 min
Ring in 23 hr 54 min
Ring in 7 hr 14 min
Ring in 16 hr 53 min
Ring in 7 hr 6 min
Ring in 14 hr 26 min
Ring in 7 hr 23 min
Ring in 18 hr 31 min
Ring in 4 hr 5 min
Ring in 22 hr 1 min
Ring in 3 hr 48 min
Ring in 11 hr 24 min
Ring in 17 hr 36 min
Ring in 8 hr 42 min
Ring in 37 min
Ring in 15 hr 11 min
Ring in 19 hr 47 min
Ring in 3 hr 52 min
Ring in 11 hr 6 min
Ring in 1 hr 48 min
Ring in 12 hr 2 min
Ring in 12 hr 52 min
Ring in 13 hr 51 min
Ring in 13 hr 34 min
Ring in 23 hr 38 min
Ring in 21 hr 15 min
Ring in 56 min
Ring in 13 hr 55 min
Ring in 23 hr 5 min
Ring in 6 hr 11 min
Ring in 13 hr 12 min
Ring in 6 hr 6 min
Ring in 11 hr 30 min
Ring in 18 hr 41 min
Ring in 21 hr 19 min
Ring in 11 hr 48 min
Ring in 20 hr 42 min
Ring in 16 hr 3 min
Ring in 12 hr 14 min
Ring in 17 hr 5 min
Ring in 12 hr 51 min
Ring in 15 hr 37 min
Ring in 1 hr 34 min
Ring in 14 hr 10 min
Ring in 23 hr 8 min
Ring in 11 hr 9 min
Ring in 4 hr 56 min
Ring in 23 hr 32 min
Ring in 6 hr 16 min
Ring in 18 min
Ring in 13 hr 12 min
Ring in 13 hr 6 min
Ring in 16 hr 10 min
Ring in 2 hr 27 min
Ring in 8 hr 13 min
Ring in 3 hr 3 min
Ring in 18 hr 50 min
Ring in 11 hr 52 min
Ring in 21 hr 12 min
Ring in 21 hr 14 min
Ring in 20 hr 29 min
Ring in 15 hr 53 min
Ring in 12 hr 13 min
Ring in 1 hr 
Ring in 5 hr 21 min
Ring in 10 hr 35 min
Ring in 15 hr 30 min
Ring in 37 min
Ring in 15 hr 13 min
Ring in 9 hr 26 min
Ring in 8 hr 53 min
Ring in 7 hr 27 min
Ring in 10 hr 52 min
Ring in 1 hr 33 min
Ring in 7 hr 50 min
Ring in 10 hr 17 min
Ring in 18 hr 2 min
Ring in 5 hr 52 min
Ring in 12 hr 34 min
Ring in 6 hr 29 min
Ring in 23 hr 31 min
Ring in 9 hr 31 min
Ring in 3 hr 20 min
Ring in 14 hr 7 min
Ring in 16 hr 57 min
Ring in 16 hr 53 min
Ring in 10 hr 58 min
Ring in 17 hr 17 min
Ring in 1 hr 40 min
Ring in 19 hr 39 min
Ring in 7 hr 31 min
Ring in 11 hr 4 min
Ring in 19 hr 16 min
Ring in 2 hr 50 min
Ring in 22 hr 1 min
Ring in 22 hr 25 min
Ring in 7 hr 41 min
Ring in 5 hr 21 min
Ring in 10 hr 35 min
Ring in 10 hr 42 min
Ring in 7 hr 11 min
Ring in 18 hr 6 min
Ring in 13 hr 28 min
Ring in 12 hr 53 min
Ring in 22 hr 3 min
Ring in 23 hr 23 min
Ring in 3 hr 22 min
Ring in 5 hr 19 min
Ring in 4 hr 22 min
Ring in 12 hr 13 min
Ring in 11 hr 5 min
Ring in 23 hr 39 min
Ring in 1 hr 21 min
Ring in 9 hr 2 min
Ring in 6 hr 18 min
Ring in 12 hr 28 min
Ring in 3 hr 7 min
Ring in 10 hr 18 min
Ring in 9 hr 56 min
Ring in 16 hr 15 min
Ring in 11 hr 3 min
Ring in 55 min
Ring in 13 min
Ring in 23 hr 8 min
Ring in 22 hr 53 min
Ring in 23 hr 35 min
Ring in 7 hr 24 min
Ring in 18 hr 22 min
Ring in 17 hr 51 min
Ring in 6 hr 32 min
Ring in 17 hr 30 min
Ring in 2 hr 1 min
Ring in 27 min
Ring in 12 hr 44 min
Ring in 11 hr 5 min
Ring in 47 min
Ring in 12 hr 47 min
Ring in 5 hr 3 min
Ring in 13 hr 45 min
Ring in 9 hr 57 min
Ring in 6 hr 39 min
Ring in 16 hr 30 min
Ring in 18 hr 50 min
Ring in 20 hr 40 min
Ring in 3 hr 11 min
Ring in 7 hr 1 min
Ring in 9 hr 3 min
Ring in 9 hr 29 min
Ring in 3 hr 51 min
Ring in 11 hr 20 min
Ring in 16 hr 19 min
Ring in 20 hr 40 min
Ring in 15 hr 7 min
Ring in 17 hr 14 min
Ring in 19 hr 34 min
Ring in 12 hr 16 min
Ring in 6 hr 48 min
Ring in 2 hr 12 min
Ring in 8 hr 40 min
Ring in 8 hr 43 min
Ring in 17 hr 51 min
Ring in 15 hr 56 min
Ring in 20 hr 27 min
Ring in 10 hr 1 min
Ring in 16 hr 13 min
Ring in 1 hr 
Ring in 1 hr 38 min
Ring in 10 hr 33 min
Ring in 8 hr 8 min
Ring in 23 hr 45 min
Ring in 3 hr 6 min
Ring in 15 hr 16 min
Ring in 1 hr 59 min
Ring in 6 hr 58 min
Ring in 16 hr 22 min
Ring in 20 hr 45 min
Ring in 2 hr 48 min
Ring in 2 hr 24 min
Ring in 3 hr 1 min
Ring in 16 hr 58 min
Ring in 5 hr 58 min
Ring in 18 hr 40 min
Ring in 21 hr 42 min
Ring in 15 hr 5 min
Ring in 22 hr 8 min
Ring in 15 hr 10 min
Ring in 13 hr 7 min
Ring in 21 hr 19 min
Ring in 15 hr 25 min
Ring in 5 hr 32 min
Ring in 17 hr 4 min
Ring in 1 hr 51 min
Ring in 7 hr 24 min
Ring in 18 hr 23 min
Ring in 4 hr 30 min
Ring in 12 hr 38 min
Ring in 16 hr 26 min
Ring in 1 hr 23 min
Ring in 15 hr 41 min
Ring in 1 hr 34 min
Ring in 7 hr 42 min
Ring in 7 hr 49 min
Ring in 9 hr 58 min
Ring in 11 hr 57 min
Ring in 20 hr 56 min
Ring in 23 hr 42 min
Ring in 17 hr 33 min
Ring in 18 hr 45 min
Ring in 17 hr 59 min
Ring in 17 hr 49 min
Ring in 14 min
Ring in 10 hr 16 min
Ring in 9 hr 54 min
Ring in 20 hr 6 min
Ring in 7 hr 1 min
Ring in 21 hr 54 min
Ring in 14 hr 1 min
Ring in 1 hr 40 min
Ring in 7 hr 43 min
Ring in 20 hr 43 min
Ring in 16 hr 40 min
Ring in 8 hr 25 min
Ring in 21 hr 53 min
Ring in 6 hr 53 min
Ring in 6 hr 18 min
Ring in 19 hr 57 min
Ring in 21 hr 20 min
Ring in 11 hr 41 min
Ring in 15 hr 25 min
Ring in 9 hr 25 min
Ring in 20 hr 48 min
Ring in 14 hr 36 min
Ring in 9 hr 
Ring in 5 hr 7 min
Ring in 9 hr 44 min
Ring in 8 hr 4 min
Ring in 19 hr 40 min
Ring in 5 hr 12 min
Ring in 6 hr 28 min
Ring in 8 hr 58 min
Ring in 41 min
Ring in 9 hr 43 min
Ring in 22 hr 13 min
Ring in 35 min
Ring in 16 hr 18 min
Ring in 5 hr 20 min
Ring in 13 hr 21 min
Ring in 21 hr 36 min
Ring in 4 hr 
Ring in 13 hr 48 min
Ring in 2 hr 53 min
Ring in 14 hr 19 min
Ring in 5 hr 31 min
Ring in 6 hr 49 min
Ring in 3 hr 54 min
Ring in 21 hr 31 min
Ring in 17 hr 5 min
Ring in 1 hr 22 min
Ring in 6 hr 38 min
Ring in 20 hr 23 min
Ring in 18 hr 25 min
Ring in 11 hr 5 min
Ring in 10 hr 18 min
Ring in 10 hr 27 min
Ring in 19 hr 30 min
Ring in 21 hr 
Ring in 8 hr 4 min
Ring in 20 hr 54 min
Ring in 11 hr 18 min
Ring in 18 hr 20 min
Ring in 12 hr 5 min
Ring in 4 hr 44 min
Ring in 4 hr 19 min
Ring in 15 hr 
Ring in 8 hr 16 min
Ring in 15 hr 52 min
Ring in 21 hr 28 min
Ring in 18 hr 56 min
Ring in 1 hr 18 min
Ring in 12 hr 28 min
Ring in 12 hr 41 min
Ring in 23 hr 6 min
Ring in 12 hr 44 min
Ring in 4 hr 37 min
Ring in 18 hr 4 min
Ring in 14 hr 50 min
Ring in 22 hr 20 min
Ring in 7 hr 38 min
Ring in 5 hr 23 min
Ring in 8 hr 6 min
Ring in 20 hr 25 min
Ring in 18 hr 41 min
Ring in 48 min
Ring in 18 hr 39 min
Ring in 23 hr 59 min
Ring in 14 hr 59 min
Ring in 10 hr 48 min
Ring in 18 hr 52 min
Ring in 21 hr 6 min
Ring in 18 hr 7 min
Ring in 5 hr 2 min
Ring in 5 hr 26 min
Ring in 12 hr 47 min
Ring in 12 hr 42 min
Ring in 1 hr 27 min
Ring in 12 hr 53 min
Ring in 21 hr 29 min
Ring in 6 hr 51 min
Ring in 20 hr 26 min
Ring in 11 hr 21 min
Ring in 2 hr 45 min
Ring in 11 hr 55 min
Ring in 20 hr 26 min
Ring in 2 hr 17 min
Ring in 11 hr 18 min
Ring in 1 hr 58 min
Ring in 7 hr 11 min
Ring in 23 hr 48 min
Ring in 2 hr 51 min
Ring in 23 hr 
Ring in 11 hr 40 min
Ring in 17 hr 50 min
Ring in 22 hr 32 min
Ring in 6 hr 15 min
Ring in 11 hr 24 min
Ring in 11 hr 38 min
Ring in 11 hr 8 min
Ring in 18 hr 10 min
Ring in 21 min
Ring in 12 hr 21 min
Ring in 1 hr 14 min
Ring in 14 hr 
Ring in 7 hr 32 min
Ring in 23 hr 
Ring in 5 hr 47 min
Ring in 5 hr 53 min
Ring in 14 hr 30 min
Ring in 10 hr 41 min
Ring in 19 hr 31 min
Ring in 4 hr 33 min
Ring in 20 hr 22 min
Ring in 22 hr 21 min
Ring in 9 hr 49 min
Ring in 9 hr 5 min
Ring in 19 hr 15 min
Ring in 18 hr 
Ring in 8 hr 31 min
Ring in 1 hr 13 min
Ring in 14 hr 16 min
Ring in 7 hr 3 min
Ring in 23 hr 18 min
Ring in 11 hr 47 min
Ring in 16 hr 48 min
Ring in 13 hr 11 min
Ring in 19 hr 44 min
Ring in 20 hr 36 min
Ring in 23 hr 16 min
Ring in 55 min
Ring in 9 hr 20 min
Ring in 8 hr 37 min
Ring in 8 hr 28 min
Ring in 16 hr 41 min
Ring in 8 hr 48 min
Ring in 2 hr 19 min
Ring in 22 hr 19 min
Ring in 10 hr 2 min
Ring in 12 hr 35 min
Ring in 7 hr 14 min
Ring in 3 hr 4 min
Ring in 4 hr 36 min
Ring in 17 hr 37 min
Ring in 9 hr 10 min
Ring in 7 hr 7 min
Ring in 4 hr 23 min
Ring in 15 hr 5 min
Ring in 18 hr 31 min
Ring in 9 hr 34 min
Ring in 9 hr 29 min
Ring in 10 hr 14 min
Ring in 22 hr 53 min
Ring in 4 hr 7 min
Ring in 4 hr 30 min
Ring in 19 hr 44 min
Ring in 9 hr 4 min
Ring in 11 hr 10 min
Ring in 14 hr 34 min
Ring in 20 hr 40 min
Ring in 10 hr 55 min
Ring in 4 hr 6 min
Ring in 9 min
Ring in 7 hr 35 min
Ring in 14 hr 51 min
Ring in 22 hr 
Ring in 13 hr 24 min
Ring in 20 hr 56 min
Ring in 8 hr 59 min
Ring in 11 hr 57 min
Ring in 19 hr 59 min
Ring in 9 hr 27 min
Ring in 23 hr 34 min
Ring in 4 hr 37 min
Ring in 17 hr 10 min
Ring in 10 hr 45 min
Ring in 22 hr 14 min
Ring in 5 hr 17 min
Ring in 11 hr 16 min
Ring in 6 hr 43 min
Ring in 12 hr 59 min
Ring in 5 hr 53 min
Ring in 14 hr 49 min
Ring in 4 hr 37 min
Ring in 21 hr 26 min
Ring in 23 hr 9 min
Ring in 9 hr 32 min
Ring in 13 hr 11 min
Ring in 16 hr 52 min
Ring in 4 hr 53 min
Ring in 3 hr 19 min
Ring in 15 hr 17 min
Ring in 20 hr 22 min
Ring in 32 min
Ring in 19 hr 50 min
Ring in 19 hr 33 min
Ring in 1 hr 33 min
Ring in 5 hr 34 min
Ring in 22 hr 45 min
Ring in 17 hr 6 min
Ring in 14 hr 17 min
Ring in 23 hr 39 min
Ring in 12 hr 29 min
Ring in 23 hr 33 min
Ring in 3 hr 51 min
Ring in 11 hr 44 min
Ring in 6 hr 11 min
Ring in 14 min
Ring in 7 hr 33 min
Ring in 19 hr 41 min
Ring in 14 hr 38 min
Ring in 3 hr 7 min
Ring in 15 hr 47 min
Ring in 37 min
Ring in 16 hr 53 min
Ring in 18 hr 32 min
Ring in 3 hr 17 min
Ring in 14 hr 
Ring in 4 hr 25 min
Ring in 17 hr 50 min
Ring in 3 hr 25 min
Ring in 10 hr 47 min
Ring in 7 hr 18 min
Ring in 3 hr 42 min
Ring in 11 hr 30 min
Ring in 14 hr 3 min
Ring in 14 hr 35 min
Ring in 15 hr 48 min
Ring in 12 hr 28 min
Ring in 19 hr 34 min
Ring in 7 hr 53 min
Ring in 14 hr 34 min
Ring in 1 hr 13 min
Ring in 2 hr 23 min
Ring in 12 hr 36 min
Ring in 5 hr 2 min
Ring in 44 min
Ring in 4 hr 56 min
Ring in 22 hr 56 min
Ring in 8 hr 28 min
Ring in 18 hr 23 min
Ring in 15 hr 10 min
Ring in 9 hr 3 min
Ring in 20 hr 59 min
Ring in 23 hr 15 min
Ring in 9 hr 12 min
Ring in 18 hr 44 min
Ring in 23 hr 9 min
Ring in 11 hr 29 min
Ring in 3 hr 9 min
Ring in 20 hr 7 min
Ring in 18 hr 35 min
Ring in 5 hr 51 min
Ring in 17 hr 22 min
Ring in 19 min
Ring in 13 hr 12 min
Ring in 12 hr 12 min
Ring in 1 hr 7 min
Ring in 6 hr 35 min
Ring in 7 hr 26 min
Ring in 2 hr 1 min
Ring in 2 min
Ring in 16 hr 34 min
Ring in 10 hr 53 min
Ring in 13 hr 12 min
Ring in 15 hr 33 min
Ring in 13 hr 
Ring in 3 hr 21 min
Ring in 2 hr 4 min
Ring in 3 hr 59 min
Ring in 16 hr 53 min
Ring in 5 hr 26 min
Ring in 11 hr 36 min
Ring in 6 hr 51 min
Ring in 8 hr 52 min
Ring in 19 hr 54 min
Ring in 17 hr 11 min
Ring in 1 hr 18 min
Ring in 7 hr 51 min
Ring in 22 hr 18 min
Ring in 46 min
Ring in 14 hr 31 min
Ring in 59 min
Ring in 18 hr 52 min
Ring in 22 hr 12 min
Ring in 17 hr 50 min
Ring in 14 hr 47 min
Ring in 22 hr 29 min
Ring in 3 hr 54 min
Ring in 7 hr 20 min
Ring in 11 hr 21 min
Ring in 20 hr 43 min
Ring in 10 hr 33 min
Ring in 14 hr 57 min
Ring in 5 hr 34 min
Ring in 2 hr 35 min
Ring in 17 hr 31 min
Ring in 16 hr 
Ring in 9 hr 45 min
Ring in 18 hr 7 min
Ring in 13 hr 17 min
Ring in 13 hr 47 min
Ring in 20 hr 47 min
Ring in 20 hr 1 min
Ring in 1 hr 
Ring in 7 hr 8 min
Ring in 16 hr 41 min
Ring in 22 hr 55 min
Ring in 15 hr 22 min
Ring in 8 hr 49 min
Ring in 10 hr 26 min
Ring in 10 hr 17 min
Ring in 22 hr 34 min
Ring in 18 hr 29 min
Ring in 15 hr 33 min
Ring in 4 hr 56 min
Ring in 8 hr 39 min
Ring in 15 hr 1 min
Ring in 16 hr 57 min
Ring in 4 hr 50 min
Ring in 1 hr 1 min
Ring in 12 hr 9 min
Ring in 9 hr 49 min
Ring in 8 hr 
Ring in 10 hr 26 min
Ring in 8 hr 5 min
Ring in 10 hr 25 min
Ring in 20 hr 43 min
Ring in 6 hr 33 min
Ring in 9 hr 11 min
Ring in 13 hr 57 min
Ring in 5 hr 43 min
Ring in 21 hr 9 min
Ring in 15 hr 33 min
Ring in 16 hr 52 min
Ring in 12 hr 29 min
Ring in 1 hr 19 min
Ring in 47 min
Ring in 20 hr 55 min
Ring in 1 hr 12 min
Ring in 4 hr 20 min
Ring in 9 hr 46 min
Ring in 11 hr 10 min
Ring in 16 hr 40 min
Ring in 15 hr 58 min
Ring in 16 hr 46 min
Ring in 2 hr 6 min
Ring in 21 hr 19 min
Ring in 4 hr 32 min
Ring in 10 hr 1 min
Ring in 44 min
Ring in 21 hr 25 min
Ring in 9 hr 53 min
Ring in 7 hr 48 min
Ring in 8 hr 21 min
Ring in 19 hr 30 min
Ring in 3 hr 
Ring in 8 hr 1 min
Ring in 12 hr 32 min
Ring in 17 hr 38 min
Ring in 7 hr 53 min
Ring in 6 hr 18 min
Ring in 4 hr 48 min
Ring in 22 hr 53 min
Ring in 3 hr 28 min
Ring in 12 hr 19 min
Ring in 22 hr 47 min
Ring in 22 hr 54 min
Ring in 21 hr 36 min
Ring in 13 hr 28 min
Ring in 10 hr 15 min
Ring in 12 hr 38 min
Ring in 18 hr 54 min
Ring in 15 hr 26 min
Ring in 3 hr 56 min
Ring in 23 hr 44 min
Ring in 15 hr 48 min
Ring in 21 hr 12 min
Ring in 15 hr 20 min
Ring in 13 hr 7 min
Ring in 16 hr 9 min
Ring in 3 hr 17 min
Ring in 23 hr 8 min
Ring in 15 hr 26 min
Ring in 17 hr 24 min
Ring in 22 hr 
Ring in 5 hr 57 min
Ring in 11 hr 53 min
Ring in 9 hr 13 min
Ring in 6 hr 3 min
Ring in 6 hr 4 min
Ring in 3 hr 36 min
Ring in 8 hr 18 min
Ring in 6 hr 31 min
Ring in 20 hr 5 min
Ring in 3 hr 39 min
Ring in 18 hr 51 min
Ring in 16 hr 56 min
Ring in 2 hr 19 min
Ring in 4 hr 6 min
Ring in 12 hr 36 min
Ring in 14 hr 47 min
Ring in 12 hr 35 min
Ring in 7 hr 2 min
Ring in 1 hr 19 min
Ring in 5 hr 41 min
Ring in 12 hr 51 min
Ring in 2 hr 5 min
Ring in 6 hr 8 min
Ring in 17 hr 52 min
Ring in 22 hr 58 min
Ring in 21 hr 27 min
Ring in 20 hr 10 min
Ring in 6 hr 59 min
Ring in 19 hr 8 min
Ring in 11 hr 11 min
Ring in 10 hr 59 min
Ring in 9 hr 22 min
Ring in 9 hr 29 min
Ring in 5 hr 29 min
Ring in 23 hr 59 min
Ring in 16 hr 59 min
Ring in 3 hr 9 min
Ring in 22 hr 11 min
Ring in 8 min
Ring in 15 hr 6 min
Ring in 1 hr 45 min
Ring in 19 hr 14 min
Ring in 10 hr 39 min
Ring in 6 hr 13 min
Ring in 11 hr 41 min
Ring in 6 hr 59 min
Ring in 6 hr 14 min
Ring in 25 min
Ring in 16 hr 54 min
Ring in 17 hr 44 min
Ring in 15 hr 47 min
Ring in 5 hr 52 min
Ring in 16 hr 48 min
Ring in 18 hr 22 min
Ring in 8 hr 57 min
Ring in 13 hr 17 min
Ring in 16 hr 15 min
Ring in 22 hr 27 min
Ring in 18 hr 42 min
Ring in 18 hr 22 min
Ring in 3 hr 38 min
Ring in 13 hr 20 min
Ring in 14 hr 11 min
Ring in 21 min
Ring in 3 hr 33 min
Ring in 3 hr 58 min
Ring in 19 hr 32 min
Ring in 15 hr 16 min
Ring in 14 hr 16 min
Ring in 3 hr 9 min
Ring in 10 hr 49 min
Ring in 47 min
Ring in 2 hr 18 min
Ring in 16 hr 34 min
Ring in 11 hr 13 min
Ring in 15 hr 14 min
Ring in 9 hr 59 min
Ring in 5 hr 52 min
Ring in 17 hr 13 min
Ring in 12 hr 15 min
Ring in 18 hr 39 min
Ring in 6 hr 44 min
Ring in 17 hr 56 min
Ring in 19 hr 59 min
Ring in 11 hr 10 min
Ring in 4 hr 15 min
Ring in 14 hr 1 min
Ring in 9 hr 21 min
Ring in 1 hr 27 min
Ring in 9 hr 48 min
Ring in 5 hr 59 min
Ring in 23 hr 50 min
Ring in 22 hr 9 min
Ring in 13 hr 28 min
Ring in 14 hr 8 min
Ring in 5 hr 25 min
Ring in 15 hr 6 min
Ring in 10 hr 
Ring in 2 hr 1 min
Ring in 12 hr 16 min
Ring in 1 hr 24 min
Ring in 17 hr 53 min
Ring in 10 hr 59 min
Ring in 4 hr 56 min
Ring in 7 hr 11 min
Ring in 18 hr 26 min
Ring in 20 hr 10 min
Ring in 23 hr 18 min
Ring in 2 hr 16 min
Ring in 14 hr 28 min
Ring in 1 hr 49 min
Ring in 5 hr 52 min
Ring in 13 hr 39 min
Ring in 16 hr 57 min
Ring in 11 hr 7 min
Ring in 22 hr 48 min
Ring in 20 hr 49 min
Ring in 7 hr 57 min
Ring in 8 hr 39 min
Ring in 4 hr 4 min
Ring in 21 hr 2 min
Ring in 12 hr 19 min
Ring in 9 hr 21 min
Ring in 13 hr 39 min
Ring in 22 hr 39 min
Ring in 23 hr 42 min
Ring in 1 hr 26 min
Ring in 1 hr 13 min
Ring in 13 hr 51 min
Ring in 4 hr 47 min
Ring in 2 hr 13 min
Ring in 22 hr 35 min
Ring in 21 hr 11 min
Ring in 13 hr 2 min
Ring in 1 hr 52 min
Ring in 9 hr 53 min
Ring in 13 hr 33 min
Ring in 21 hr 8 min
Ring in 14 hr 26 min
Ring in 19 hr 43 min
Ring in 15 hr 3 min
Ring in 1 hr 3 min
Ring in 8 hr 50 min
Ring in 2 hr 35 min
Ring in 21 hr 34 min
Ring in 12 hr 26 min
Ring in 7 hr 13 min
Ring in 14 hr 19 min
Ring in 21 hr 5 min
Ring in 11 hr 24 min
Ring in 16 hr 18 min
Ring in 18 hr 55 min
Ring in 17 hr 44 min
Ring in 18 hr 15 min
Ring in 18 hr 45 min
Ring in 12 hr 55 min
Ring in 6 hr 41 min
Ring in 21 hr 44 min
Ring in 9 hr 7 min
Ring in 3 hr 
Ring in 12 hr 
Ring in 7 hr 30 min
Ring in 45 min
Ring in 2 hr 26 min
Ring in 12 hr 30 min
Ring in 20 hr 42 min
Ring in 18 hr 55 min
Ring in 4 hr 22 min
Ring in 4 hr 20 min
Ring in 7 hr 22 min
Ring in 18 hr 25 min
Ring in 20 hr 57 min
Ring in 20 hr 4 min
Ring in 16 hr 49 min
Ring in 20 hr 6 min
Ring in 23 hr 19 min
Ring in 18 hr 10 min
Ring in 22 hr 19 min
Ring in 14 hr 37 min
Ring in 23 hr 52 min
Ring in 10 hr 49 min
Ring in 10 hr 36 min
Ring in 18 hr 19 min
Ring in 22 hr 40 min
Ring in 3 hr 6 min
Ring in 21 hr 44 min
Ring in 3 hr 30 min
Ring in 20 hr 50 min
Ring in 3 hr 6 min
Ring in 8 hr 5 min
Ring in 1 hr 28 min
Ring in 17 hr 29 min
Ring in 10 hr 57 min
Ring in 42 min
Ring in 16 hr 13 min
Ring in 5 hr 42 min
Ring in 11 hr 52 min
Ring in 21 hr 44 min
Ring in 1 hr 37 min
Ring in 3 hr 17 min
Ring in 16 hr 47 min
Ring in 1 hr 49 min
Ring in 4 hr 25 min
Ring in 18 hr 34 min
Ring in 12 hr 49 min
Ring in 17 hr 26 min
Ring in 14 hr 45 min
Ring in 15 hr 
Ring in 22 hr 37 min
Ring in 10 hr 36 min
Ring in 21 hr 59 min
Ring in 16 hr 50 min
Ring in 17 hr 30 min
Ring in 18 min
Ring in 7 hr 59 min
Ring in 15 hr 19 min
Ring in 23 hr 37 min
Ring in 20 hr 50 min
Ring in 16 hr 43 min
Ring in 3 hr 21 min
Ring in 11 hr 22 min
Ring in 10 hr 
Ring in 20 hr 7 min
Ring in 17 hr 50 min
Ring in 9 hr 23 min
Ring in 23 hr 11 min
Ring in 50 min
Ring in 17 hr 7 min
Ring in 4 hr 23 min
Ring in 6 hr 25 min
Ring in 14 hr 8 min
Ring in 22 hr 43 min
Ring in 17 hr 56 min
Ring in 11 hr 54 min
Ring in 12 hr 27 min
Ring in 22 hr 58 min
Ring in 22 hr 57 min
Ring in 10 hr 7 min
Ring in 7 hr 24 min
Ring in 3 hr 31 min
Ring in 23 hr 42 min
Ring in 18 hr 35 min
Ring in 7 hr 51 min
Ring in 21 hr 26 min
Ring in 19 hr 13 min
Ring in 10 hr 7 min
Ring in 18 hr 57 min
Ring in 19 hr 22 min
Ring in 21 hr 25 min
Ring in 21 hr 57 min
Ring in 18 hr 44 min
Ring in 17 hr 31 min
Ring in 20 hr 38 min
Ring in 11 hr 38 min
Ring in 16 hr 59 min
Ring in 14 hr 1 min
Ring in 2 hr 20 min
Ring in 3 hr 24 min
Ring in 22 hr 3 min
Ring in 4 hr 39 min
Ring in 14 hr 35 min
Ring in 4 hr 46 min
Ring in 6 hr 8 min
Ring in 23 hr 7 min
Ring in 4 hr 3 min
Ring in 5 hr 31 min
Ring in 15 hr 16 min
Ring in 14 hr 24 min
Ring in 14 hr 44 min
Ring in 17 hr 26 min
Ring in 20 hr 1 min
Ring in 9 hr 57 min
Ring in 1 hr 45 min
Ring in 2 hr 16 min
Ring in 2 hr 28 min
Ring in 19 hr 38 min
Ring in 12 hr 9 min
Ring in 17 hr 2 min
Ring in 7 hr 49 min
Ring in 21 hr 42 min
Ring in 16 hr 
Ring in 18 hr 59 min
Ring in 1 hr 29 min
Ring in 6 hr 54 min
Ring in 21 hr 44 min
Ring in 15 hr 46 min
Ring in 8 hr 7 min
Ring in 14 hr 7 min
Ring in 12 hr 57 min
Ring in 16 hr 32 min
Ring in 2 hr 31 min
Ring in 15 hr 14 min
Ring in 22 hr 22 min
Ring in 14 hr 41 min
Ring in 6 hr 18 min
Ring in 3 hr 41 min
Ring in 20 hr 52 min
Ring in 22 hr 6 min
Ring in 8 hr 11 min
Ring in 19 hr 53 min
Ring in 12 hr 14 min
Ring in 18 hr 4 min
Ring in 8 hr 16 min
Ring in 11 hr 36 min
Ring in 15 hr 44 min
Ring in 16 hr 6 min
Ring in 7 hr 26 min
Ring in 23 hr 13 min
Ring in 17 hr 20 min
Ring in 17 hr 39 min
Ring in 14 hr 35 min
Ring in 2 hr 51 min
Ring in 4 hr 23 min
Ring in 18 hr 46 min
Ring in 19 hr 15 min
Ring in 12 hr 39 min
Ring in 5 hr 19 min
Ring in 5 hr 15 min
Ring in 19 hr 58 min
Ring in 15 hr 22 min
Ring in 41 min
Ring in 7 hr 24 min
Ring in 4 hr 13 min
Ring in 20 min
Ring in 7 hr 29 min
Ring in 16 hr 30 min
Ring in 12 hr 59 min
Ring in 6 hr 12 min
Ring in 6 hr 59 min
Ring in 2 hr 6 min
Ring in 11 hr 2 min
Ring in 19 hr 31 min
Time to do something!!
