Ring in 22 hr 36 min
Ring in 9 hr 1 min
Ring in 20 hr 18 min
Ring in 3 hr 11 min
Ring in 6 hr 12 min
Ring in 12 hr 28 min
Ring in 13 hr 47 min
Ring in 10 hr 21 min
Ring in 12 hr 42 min
Ring in 19 hr 54 min
Ring in 19 hr 8 min
Ring in 9 hr 15 min
Ring in 9 hr 45 min
Ring in 2 hr 43 min
Ring in 2 hr 37 min
Ring in 11 hr 55 min
Ring in 10 hr 36 min
Ring in 18 hr 55 min
Ring in 16 hr 17 min
Time to do something!!
