Ring in 4 hr 12 min
Ring in 14 hr 44 min
Ring in 19 hr 8 min
Ring in 9 min
Ring in 19 hr 23 min
Ring in 19 hr 38 min
Ring in 10 hr 39 min
Ring in 7 hr 43 min
Ring in 2 hr 22 min
Ring in 2 hr 41 min
Ring in 13 hr 28 min
Ring in 9 hr 23 min
Ring in 1 hr 56 min
Ring in 10 hr 13 min
Ring in 8 hr 25 min
Ring in 18 hr 28 min
Ring in 8 hr 44 min
Ring in 14 hr 59 min
Ring in 18 min
Ring in 40 min
Ring in 13 hr 43 min
Ring in 17 hr 40 min
Ring in 8 hr 6 min
Ring in 21 hr 19 min
Ring in 1 hr 1 min
Ring in 23 hr 36 min
Ring in 5 hr 38 min
Ring in 3 hr 17 min
Ring in 6 hr 46 min
Ring in 18 hr 34 min
Ring in 10 hr 58 min
Ring in 5 hr 59 min
Ring in 6 hr 6 min
Ring in 21 hr 30 min
Ring in 23 hr 13 min
Ring in 17 hr 16 min
Ring in 5 hr 43 min
Ring in 3 hr 11 min
Ring in 16 hr 23 min
Ring in 3 hr 17 min
Ring in 17 hr 7 min
Ring in 4 hr 35 min
Ring in 8 hr 25 min
Ring in 19 hr 41 min
Ring in 17 hr 15 min
Ring in 10 hr 21 min
Ring in 11 hr 55 min
Ring in 12 hr 13 min
Ring in 1 hr 3 min
Ring in 5 hr 10 min
Ring in 6 hr 53 min
Ring in 14 hr 8 min
Ring in 5 hr 29 min
Ring in 11 hr 44 min
Ring in 13 hr 48 min
Ring in 16 hr 29 min
Ring in 14 hr 7 min
Ring in 11 hr 7 min
Ring in 12 hr 55 min
Ring in 7 hr 25 min
Ring in 9 hr 45 min
Ring in 15 hr 27 min
Ring in 20 hr 51 min
Ring in 10 hr 46 min
Ring in 7 hr 2 min
Ring in 2 hr 3 min
Ring in 9 hr 45 min
Ring in 15 hr 51 min
Ring in 8 hr 54 min
Ring in 23 hr 36 min
Ring in 3 hr 51 min
Ring in 6 hr 51 min
Ring in 13 hr 59 min
Ring in 6 hr 1 min
Ring in 4 hr 17 min
Ring in 8 hr 5 min
Ring in 5 hr 58 min
Ring in 1 hr 54 min
Ring in 25 min
Ring in 8 hr 57 min
Ring in 6 hr 24 min
Ring in 3 hr 3 min
Ring in 17 hr 34 min
Ring in 36 min
Ring in 13 hr 20 min
Ring in 1 hr 27 min
Ring in 19 hr 18 min
Ring in 18 hr 7 min
Ring in 7 hr 32 min
Ring in 18 hr 51 min
Ring in 2 hr 1 min
Ring in 12 hr 50 min
Ring in 5 hr 23 min
Ring in 19 hr 5 min
Ring in 16 hr 49 min
Ring in 12 hr 35 min
Ring in 18 hr 35 min
Ring in 9 hr 30 min
Ring in 23 hr 56 min
Time to do something!!
