Ring in 17 hr 42 min
Ring in 21 hr 
Ring in 17 hr 58 min
Ring in 7 hr 22 min
Ring in 20 hr 22 min
Ring in 19 hr 17 min
Ring in 18 hr 19 min
Ring in 10 hr 42 min
Ring in 1 hr 17 min
Ring in 15 hr 53 min
Ring in 17 hr 45 min
Ring in 58 min
Ring in 12 hr 11 min
Ring in 17 hr 43 min
Ring in 20 hr 29 min
Ring in 15 hr 20 min
Ring in 15 hr 18 min
Ring in 6 hr 16 min
Ring in 23 hr 26 min
Ring in 19 hr 45 min
Ring in 9 hr 45 min
Ring in 13 hr 34 min
Ring in 7 hr 7 min
Ring in 2 hr 39 min
Ring in 1 hr 38 min
Ring in 1 hr 57 min
Ring in 21 hr 15 min
Ring in 2 hr 32 min
Ring in 22 hr 10 min
Ring in 22 hr 23 min
Ring in 2 hr 4 min
Ring in 18 hr 40 min
Ring in 11 hr 19 min
Ring in 10 hr 4 min
Ring in 10 hr 1 min
Ring in 10 hr 27 min
Ring in 21 hr 20 min
Ring in 21 hr 22 min
Ring in 20 hr 45 min
Ring in 2 hr 26 min
Ring in 19 hr 30 min
Ring in 11 hr 10 min
Ring in 12 hr 20 min
Ring in 15 hr 26 min
Ring in 12 hr 39 min
Ring in 8 hr 57 min
Ring in 3 hr 55 min
Ring in 48 min
Ring in 11 hr 20 min
Ring in 12 hr 6 min
Ring in 2 hr 25 min
Ring in 2 hr 35 min
Ring in 16 hr 7 min
Ring in 18 hr 24 min
Ring in 19 hr 53 min
Ring in 3 hr 58 min
Ring in 9 hr 32 min
Ring in 21 hr 31 min
Ring in 22 hr 23 min
Ring in 13 hr 30 min
Ring in 20 hr 46 min
Ring in 15 hr 48 min
Ring in 22 hr 58 min
Ring in 15 hr 21 min
Ring in 5 hr 48 min
Ring in 12 hr 10 min
Ring in 15 hr 33 min
Ring in 8 hr 18 min
Ring in 21 hr 33 min
Ring in 7 hr 35 min
Ring in 17 hr 13 min
Ring in 2 hr 14 min
Ring in 19 hr 3 min
Ring in 7 hr 57 min
Ring in 20 hr 3 min
Ring in 15 hr 20 min
Ring in 10 hr 20 min
Ring in 19 hr 36 min
Ring in 9 min
Ring in 7 hr 11 min
Ring in 12 hr 42 min
Ring in 1 hr 43 min
Ring in 20 hr 40 min
Ring in 5 hr 56 min
Ring in 13 hr 53 min
Ring in 13 hr 8 min
Ring in 19 hr 39 min
Ring in 17 hr 
Ring in 3 hr 22 min
Ring in 1 hr 47 min
Ring in 19 hr 14 min
Ring in 10 hr 53 min
Ring in 3 min
Ring in 18 hr 49 min
Ring in 17 hr 
Ring in 19 hr 52 min
Ring in 2 hr 21 min
Ring in 19 hr 1 min
Ring in 5 hr 31 min
Ring in 23 hr 8 min
Ring in 20 hr 17 min
Ring in 3 hr 4 min
Ring in 14 hr 18 min
Ring in 9 hr 3 min
Ring in 7 hr 2 min
Ring in 10 hr 12 min
Ring in 2 hr 12 min
Ring in 4 hr 50 min
Ring in 13 hr 54 min
Ring in 8 hr 13 min
Ring in 20 hr 50 min
Ring in 3 hr 23 min
Ring in 1 hr 14 min
Ring in 9 hr 54 min
Ring in 17 min
Ring in 22 hr 46 min
Ring in 23 hr 11 min
Ring in 19 hr 36 min
Ring in 9 hr 18 min
Ring in 19 hr 54 min
Ring in 3 hr 42 min
Ring in 54 min
Ring in 4 hr 33 min
Ring in 20 hr 33 min
Ring in 16 hr 6 min
Ring in 4 hr 8 min
Ring in 9 hr 42 min
Ring in 18 hr 4 min
Ring in 1 hr 17 min
Ring in 14 hr 37 min
Ring in 22 hr 31 min
Ring in 15 hr 50 min
Ring in 7 hr 53 min
Ring in 9 hr 56 min
Ring in 22 hr 29 min
Ring in 20 hr 3 min
Ring in 15 hr 
Ring in 5 hr 51 min
Ring in 10 hr 5 min
Ring in 24 min
Ring in 12 hr 42 min
Ring in 7 hr 
Ring in 21 hr 38 min
Ring in 19 hr 6 min
Ring in 7 hr 52 min
Ring in 13 hr 46 min
Ring in 14 min
Ring in 4 hr 48 min
Ring in 21 hr 57 min
Ring in 18 hr 18 min
Ring in 21 hr 21 min
Ring in 13 hr 51 min
Ring in 7 hr 15 min
Ring in 23 hr 41 min
Ring in 16 hr 20 min
Ring in 12 hr 3 min
Ring in 23 hr 50 min
Ring in 8 hr 47 min
Ring in 12 hr 45 min
Ring in 12 hr 55 min
Ring in 3 hr 54 min
Ring in 16 hr 50 min
Ring in 8 hr 45 min
Ring in 11 hr 31 min
Ring in 7 hr 52 min
Ring in 8 hr 35 min
Ring in 22 hr 6 min
Ring in 23 hr 5 min
Ring in 1 hr 10 min
Ring in 15 hr 12 min
Ring in 16 hr 50 min
Ring in 41 min
Ring in 18 hr 36 min
Ring in 2 hr 59 min
Ring in 23 hr 22 min
Ring in 2 hr 20 min
Ring in 9 hr 45 min
Ring in 16 hr 24 min
Ring in 1 hr 4 min
Ring in 4 hr 46 min
Ring in 13 hr 46 min
Ring in 20 hr 20 min
Ring in 20 hr 58 min
Ring in 20 hr 58 min
Ring in 16 hr 15 min
Ring in 10 hr 8 min
Ring in 6 hr 20 min
Ring in 11 hr 39 min
Ring in 19 hr 23 min
Ring in 6 hr 48 min
Ring in 1 hr 30 min
Ring in 13 hr 33 min
Ring in 3 hr 30 min
Ring in 3 hr 55 min
Ring in 1 hr 34 min
Ring in 6 hr 40 min
Ring in 4 hr 32 min
Ring in 14 hr 14 min
Ring in 2 hr 12 min
Ring in 2 hr 30 min
Ring in 15 hr 6 min
Ring in 4 hr 3 min
Ring in 16 hr 38 min
Ring in 23 hr 34 min
Ring in 20 hr 21 min
Ring in 3 hr 13 min
Ring in 2 hr 22 min
Ring in 10 hr 25 min
Ring in 15 hr 11 min
Ring in 11 hr 47 min
Ring in 55 min
Ring in 4 hr 7 min
Ring in 22 hr 57 min
Ring in 2 hr 37 min
Ring in 15 hr 29 min
Ring in 20 hr 3 min
Ring in 14 hr 8 min
Ring in 20 hr 12 min
Ring in 22 hr 52 min
Ring in 20 hr 35 min
Ring in 15 hr 4 min
Ring in 13 hr 42 min
Ring in 20 hr 14 min
Ring in 12 hr 6 min
Ring in 15 hr 49 min
Ring in 21 hr 50 min
Ring in 17 hr 20 min
Ring in 6 hr 47 min
Ring in 10 hr 29 min
Ring in 8 hr 19 min
Ring in 21 hr 30 min
Ring in 17 hr 2 min
Ring in 9 hr 41 min
Ring in 15 hr 46 min
Ring in 10 hr 40 min
Ring in 7 hr 37 min
Ring in 11 hr 30 min
Ring in 9 hr 45 min
Ring in 16 hr 31 min
Ring in 7 hr 5 min
Ring in 1 hr 49 min
Ring in 13 hr 42 min
Ring in 10 hr 4 min
Ring in 17 hr 55 min
Ring in 11 hr 35 min
Ring in 10 hr 18 min
Ring in 5 hr 2 min
Ring in 21 hr 28 min
Ring in 19 hr 48 min
Ring in 22 hr 4 min
Ring in 3 min
Ring in 23 hr 9 min
Ring in 19 hr 41 min
Ring in 22 hr 55 min
Ring in 16 hr 59 min
Ring in 20 hr 27 min
Ring in 21 hr 37 min
Ring in 2 hr 22 min
Ring in 9 hr 36 min
Ring in 2 hr 38 min
Ring in 14 hr 39 min
Ring in 11 hr 35 min
Ring in 9 hr 47 min
Ring in 12 hr 16 min
Ring in 23 hr 17 min
Ring in 19 hr 2 min
Ring in 1 hr 12 min
Ring in 9 hr 22 min
Ring in 14 hr 40 min
Ring in 13 hr 56 min
Ring in 7 hr 13 min
Ring in 16 hr 52 min
Ring in 9 hr 41 min
Ring in 9 hr 50 min
Ring in 5 hr 17 min
Ring in 23 hr 16 min
Ring in 5 hr 15 min
Ring in 1 hr 13 min
Ring in 21 hr 55 min
Ring in 6 hr 18 min
Ring in 20 hr 36 min
Ring in 7 hr 20 min
Ring in 43 min
Ring in 14 hr 
Ring in 8 hr 44 min
Ring in 8 hr 22 min
Ring in 5 min
Ring in 22 hr 13 min
Ring in 1 hr 4 min
Ring in 22 hr 28 min
Ring in 22 hr 5 min
Ring in 10 hr 17 min
Ring in 15 hr 17 min
Ring in 23 hr 18 min
Ring in 19 hr 19 min
Ring in 23 hr 33 min
Ring in 11 hr 21 min
Ring in 16 hr 55 min
Ring in 5 hr 47 min
Ring in 8 hr 1 min
Ring in 6 hr 31 min
Ring in 5 hr 50 min
Ring in 10 hr 31 min
Ring in 19 hr 34 min
Ring in 22 hr 9 min
Ring in 15 hr 11 min
Ring in 54 min
Ring in 7 hr 31 min
Ring in 2 hr 42 min
Ring in 10 hr 40 min
Ring in 13 hr 13 min
Ring in 11 hr 52 min
Ring in 21 hr 1 min
Ring in 10 hr 43 min
Ring in 15 hr 30 min
Ring in 15 hr 58 min
Ring in 6 hr 41 min
Ring in 21 hr 55 min
Ring in 10 min
Ring in 12 hr 2 min
Ring in 23 hr 46 min
Ring in 12 hr 28 min
Ring in 18 hr 51 min
Ring in 16 hr 42 min
Ring in 18 hr 9 min
Ring in 19 hr 26 min
Ring in 22 hr 37 min
Ring in 1 hr 57 min
Ring in 12 hr 31 min
Ring in 6 hr 51 min
Ring in 11 hr 28 min
Ring in 13 hr 27 min
Ring in 21 hr 23 min
Ring in 23 hr 52 min
Ring in 10 hr 58 min
Ring in 19 hr 5 min
Ring in 3 hr 26 min
Ring in 11 hr 
Ring in 9 hr 53 min
Ring in 9 hr 49 min
Ring in 9 hr 29 min
Ring in 9 hr 7 min
Ring in 12 hr 43 min
Ring in 22 hr 26 min
Ring in 15 hr 40 min
Ring in 23 hr 25 min
Ring in 19 hr 9 min
Ring in 12 hr 14 min
Ring in 3 hr 20 min
Ring in 5 hr 1 min
Ring in 1 hr 11 min
Ring in 3 hr 9 min
Ring in 19 hr 57 min
Ring in 20 hr 23 min
Ring in 17 hr 32 min
Ring in 9 hr 23 min
Ring in 11 hr 40 min
Ring in 3 hr 6 min
Ring in 16 hr 2 min
Ring in 8 hr 22 min
Ring in 20 hr 33 min
Ring in 18 hr 53 min
Ring in 8 hr 5 min
Ring in 9 hr 51 min
Ring in 9 hr 55 min
Ring in 11 hr 26 min
Ring in 3 hr 3 min
Ring in 6 hr 23 min
Ring in 23 hr 53 min
Ring in 19 hr 11 min
Ring in 7 hr 16 min
Ring in 35 min
Ring in 22 hr 32 min
Ring in 19 hr 48 min
Ring in 10 hr 11 min
Ring in 11 hr 41 min
Ring in 12 hr 27 min
Ring in 22 hr 2 min
Ring in 12 hr 34 min
Ring in 14 hr 37 min
Ring in 16 hr 15 min
Ring in 8 hr 19 min
Ring in 20 hr 58 min
Ring in 5 hr 2 min
Ring in 22 hr 23 min
Ring in 2 hr 4 min
Ring in 9 hr 38 min
Ring in 23 hr 41 min
Ring in 5 hr 37 min
Ring in 8 hr 20 min
Ring in 9 hr 29 min
Ring in 23 hr 12 min
Ring in 14 hr 33 min
Ring in 29 min
Ring in 3 hr 6 min
Ring in 9 hr 36 min
Ring in 4 hr 19 min
Ring in 2 hr 26 min
Ring in 10 hr 18 min
Ring in 20 hr 23 min
Ring in 17 hr 48 min
Ring in 14 hr 38 min
Ring in 3 hr 10 min
Ring in 21 hr 10 min
Ring in 8 hr 46 min
Ring in 7 hr 8 min
Ring in 10 hr 50 min
Ring in 8 min
Ring in 19 hr 35 min
Ring in 2 hr 33 min
Ring in 22 hr 23 min
Ring in 12 hr 54 min
Ring in 23 hr 20 min
Ring in 11 hr 5 min
Ring in 21 hr 25 min
Ring in 9 min
Ring in 16 hr 25 min
Ring in 12 hr 34 min
Ring in 8 hr 42 min
Ring in 14 hr 46 min
Ring in 13 hr 31 min
Ring in 7 hr 26 min
Ring in 18 hr 50 min
Ring in 5 hr 30 min
Ring in 2 hr 47 min
Ring in 23 hr 39 min
Ring in 3 hr 48 min
Ring in 2 hr 2 min
Ring in 18 hr 19 min
Ring in 15 hr 37 min
Ring in 1 hr 37 min
Ring in 14 hr 58 min
Ring in 7 hr 39 min
Ring in 3 hr 2 min
Ring in 4 hr 24 min
Ring in 2 hr 52 min
Ring in 6 hr 23 min
Ring in 3 hr 9 min
Ring in 2 hr 32 min
Ring in 13 hr 28 min
Ring in 9 hr 52 min
Ring in 14 hr 12 min
Ring in 11 hr 13 min
Ring in 15 hr 10 min
Ring in 11 hr 52 min
Ring in 9 hr 
Ring in 16 hr 30 min
Ring in 14 hr 53 min
Ring in 6 hr 22 min
Ring in 3 hr 29 min
Ring in 10 hr 21 min
Ring in 23 hr 45 min
Ring in 6 hr 38 min
Ring in 14 hr 48 min
Ring in 21 hr 13 min
Ring in 10 hr 55 min
Ring in 16 hr 45 min
Ring in 1 hr 7 min
Ring in 8 hr 40 min
Ring in 16 hr 21 min
Ring in 20 hr 22 min
Ring in 20 hr 57 min
Ring in 18 hr 12 min
Ring in 2 hr 57 min
Ring in 4 hr 24 min
Ring in 20 hr 43 min
Ring in 21 hr 45 min
Ring in 16 hr 37 min
Ring in 17 hr 34 min
Ring in 6 hr 4 min
Ring in 1 hr 43 min
Ring in 10 hr 47 min
Ring in 16 hr 28 min
Ring in 7 hr 50 min
Ring in 12 hr 7 min
Ring in 6 hr 37 min
Ring in 3 hr 35 min
Ring in 11 hr 58 min
Ring in 19 hr 29 min
Ring in 1 hr 9 min
Ring in 12 hr 38 min
Ring in 11 hr 36 min
Ring in 13 hr 36 min
Ring in 15 hr 36 min
Ring in 4 hr 56 min
Ring in 19 hr 4 min
Ring in 4 hr 27 min
Ring in 22 hr 14 min
Ring in 16 hr 45 min
Ring in 7 hr 53 min
Ring in 8 hr 56 min
Ring in 6 hr 55 min
Ring in 7 hr 41 min
Ring in 3 hr 57 min
Ring in 15 hr 48 min
Ring in 22 hr 45 min
Ring in 19 hr 55 min
Ring in 1 hr 38 min
Ring in 8 hr 
Ring in 11 hr 53 min
Ring in 7 hr 45 min
Ring in 10 hr 27 min
Ring in 19 hr 24 min
Ring in 19 hr 34 min
Ring in 10 hr 39 min
Ring in 10 hr 9 min
Ring in 4 min
Ring in 7 hr 25 min
Ring in 21 hr 35 min
Ring in 12 hr 8 min
Ring in 21 hr 44 min
Ring in 2 hr 16 min
Ring in 22 hr 49 min
Ring in 14 hr 13 min
Ring in 4 hr 5 min
Ring in 12 hr 49 min
Ring in 8 hr 43 min
Ring in 20 hr 1 min
Ring in 18 hr 3 min
Ring in 12 hr 17 min
Ring in 17 hr 26 min
Ring in 16 hr 51 min
Ring in 23 hr 19 min
Ring in 20 hr 12 min
Ring in 12 hr 43 min
Ring in 6 hr 52 min
Ring in 7 hr 5 min
Ring in 2 hr 42 min
Ring in 2 hr 4 min
Ring in 16 hr 22 min
Ring in 14 hr 37 min
Ring in 22 hr 38 min
Ring in 23 hr 57 min
Ring in 10 hr 43 min
Ring in 3 hr 31 min
Ring in 11 hr 49 min
Ring in 16 hr 4 min
Ring in 6 hr 7 min
Ring in 9 hr 1 min
Ring in 5 hr 56 min
Ring in 7 hr 20 min
Ring in 11 hr 47 min
Ring in 15 hr 23 min
Ring in 17 hr 32 min
Ring in 5 hr 46 min
Ring in 31 min
Ring in 6 hr 24 min
Ring in 13 hr 15 min
Ring in 13 hr 19 min
Ring in 20 hr 32 min
Ring in 22 hr 19 min
Ring in 32 min
Ring in 12 hr 16 min
Ring in 20 hr 55 min
Ring in 9 hr 50 min
Ring in 22 hr 27 min
Ring in 17 hr 24 min
Ring in 17 hr 11 min
Ring in 6 hr 8 min
Ring in 12 hr 56 min
Ring in 5 hr 1 min
Ring in 1 hr 
Ring in 4 hr 40 min
Ring in 1 hr 56 min
Ring in 10 hr 44 min
Ring in 16 hr 13 min
Ring in 19 hr 52 min
Ring in 23 hr 20 min
Ring in 7 hr 21 min
Ring in 7 hr 44 min
Ring in 19 hr 17 min
Ring in 6 hr 35 min
Ring in 23 hr 52 min
Ring in 12 hr 48 min
Ring in 16 hr 34 min
Ring in 6 hr 11 min
Ring in 6 hr 9 min
Ring in 17 hr 24 min
Ring in 4 hr 57 min
Ring in 1 hr 1 min
Ring in 22 hr 50 min
Ring in 16 hr 52 min
Ring in 3 hr 2 min
Ring in 4 hr 54 min
Ring in 19 hr 57 min
Ring in 23 hr 24 min
Ring in 5 hr 28 min
Ring in 21 hr 27 min
Ring in 3 hr 55 min
Ring in 16 hr 56 min
Ring in 20 hr 36 min
Ring in 5 hr 31 min
Ring in 10 hr 46 min
Ring in 7 hr 57 min
Ring in 4 hr 35 min
Ring in 5 hr 39 min
Ring in 20 hr 15 min
Ring in 13 hr 28 min
Ring in 2 hr 30 min
Ring in 21 hr 44 min
Ring in 1 hr 25 min
Ring in 9 hr 18 min
Ring in 4 hr 9 min
Ring in 20 hr 30 min
Ring in 22 hr 35 min
Ring in 15 hr 20 min
Ring in 3 hr 53 min
Ring in 3 hr 30 min
Ring in 17 hr 32 min
Ring in 23 hr 11 min
Ring in 4 hr 11 min
Ring in 56 min
Ring in 21 hr 49 min
Ring in 22 hr 15 min
Ring in 20 hr 28 min
Ring in 15 hr 25 min
Ring in 11 hr 38 min
Ring in 15 hr 19 min
Ring in 23 hr 45 min
Ring in 19 hr 22 min
Ring in 7 hr 7 min
Ring in 13 hr 3 min
Ring in 17 hr 26 min
Ring in 5 hr 11 min
Ring in 17 hr 51 min
Ring in 20 hr 19 min
Ring in 2 hr 37 min
Ring in 18 hr 10 min
Ring in 18 hr 33 min
Ring in 19 hr 42 min
Ring in 1 hr 50 min
Ring in 2 hr 15 min
Ring in 5 hr 8 min
Ring in 21 hr 55 min
Ring in 20 hr 2 min
Ring in 10 hr 
Ring in 3 hr 39 min
Ring in 3 hr 46 min
Ring in 5 hr 1 min
Ring in 7 hr 7 min
Ring in 23 hr 49 min
Ring in 6 hr 49 min
Ring in 23 hr 48 min
Ring in 15 hr 52 min
Ring in 22 hr 19 min
Ring in 15 hr 18 min
Ring in 5 hr 21 min
Ring in 6 hr 58 min
Ring in 17 hr 28 min
Ring in 15 hr 17 min
Ring in 19 hr 2 min
Ring in 5 hr 22 min
Ring in 6 hr 46 min
Ring in 8 hr 38 min
Ring in 21 hr 9 min
Ring in 15 hr 6 min
Ring in 11 hr 18 min
Ring in 3 hr 14 min
Ring in 1 hr 59 min
Ring in 14 hr 41 min
Ring in 4 hr 36 min
Ring in 17 hr 36 min
Ring in 14 hr 18 min
Ring in 5 hr 42 min
Ring in 2 hr 12 min
Ring in 18 hr 57 min
Ring in 22 hr 29 min
Ring in 22 hr 25 min
Ring in 1 hr 9 min
Ring in 8 hr 24 min
Ring in 6 hr 25 min
Ring in 20 hr 44 min
Ring in 2 hr 52 min
Ring in 7 hr 48 min
Ring in 8 hr 47 min
Ring in 21 hr 49 min
Ring in 11 hr 16 min
Ring in 22 hr 37 min
Ring in 13 min
Ring in 19 hr 14 min
Ring in 8 hr 36 min
Ring in 14 hr 56 min
Ring in 16 hr 22 min
Ring in 7 hr 17 min
Ring in 15 hr 11 min
Ring in 6 hr 28 min
Ring in 18 hr 10 min
Ring in 9 hr 26 min
Ring in 1 hr 17 min
Ring in 15 hr 36 min
Ring in 16 hr 49 min
Ring in 7 hr 53 min
Ring in 21 hr 50 min
Ring in 8 hr 56 min
Ring in 12 hr 15 min
Ring in 10 hr 40 min
Ring in 10 hr 46 min
Ring in 1 hr 9 min
Ring in 18 hr 59 min
Ring in 7 hr 58 min
Ring in 6 hr 29 min
Ring in 5 hr 25 min
Ring in 10 hr 12 min
Ring in 12 hr 38 min
Ring in 3 hr 33 min
Ring in 14 hr 38 min
Ring in 5 hr 58 min
Ring in 22 hr 55 min
Ring in 14 hr 33 min
Ring in 7 hr 46 min
Ring in 23 hr 19 min
Ring in 17 hr 45 min
Ring in 7 hr 10 min
Ring in 6 hr 57 min
Ring in 15 hr 55 min
Ring in 17 hr 45 min
Ring in 11 hr 36 min
Ring in 11 hr 29 min
Ring in 14 hr 58 min
Ring in 16 hr 48 min
Ring in 23 hr 24 min
Ring in 21 hr 8 min
Ring in 8 hr 11 min
Ring in 16 hr 27 min
Ring in 14 hr 25 min
Ring in 22 hr 39 min
Ring in 21 hr 46 min
Ring in 19 hr 26 min
Ring in 3 hr 47 min
Ring in 5 hr 
Ring in 3 hr 58 min
Ring in 9 hr 8 min
Ring in 2 hr 12 min
Ring in 17 hr 24 min
Ring in 56 min
Ring in 11 hr 5 min
Ring in 23 hr 15 min
Ring in 26 min
Ring in 16 hr 26 min
Ring in 15 hr 
Ring in 1 hr 38 min
Ring in 17 hr 59 min
Ring in 7 hr 15 min
Ring in 5 hr 25 min
Ring in 11 hr 25 min
Ring in 16 hr 33 min
Ring in 20 hr 7 min
Ring in 17 hr 18 min
Ring in 3 hr 41 min
Ring in 13 hr 27 min
Ring in 17 hr 28 min
Ring in 4 hr 50 min
Ring in 23 hr 21 min
Ring in 19 hr 48 min
Ring in 19 hr 1 min
Ring in 9 hr 35 min
Ring in 5 hr 38 min
Ring in 17 hr 10 min
Ring in 7 hr 25 min
Ring in 23 hr 27 min
Ring in 19 hr 29 min
Ring in 22 hr 40 min
Ring in 5 hr 16 min
Ring in 15 hr 18 min
Ring in 14 hr 36 min
Ring in 9 hr 4 min
Ring in 15 hr 53 min
Ring in 21 hr 19 min
Ring in 10 hr 34 min
Ring in 17 hr 29 min
Ring in 14 hr 35 min
Ring in 12 hr 3 min
Ring in 22 hr 19 min
Ring in 6 hr 42 min
Ring in 28 min
Ring in 18 hr 8 min
Ring in 19 hr 36 min
Ring in 22 hr 28 min
Ring in 21 hr 44 min
Ring in 4 hr 41 min
Ring in 6 hr 
Ring in 10 hr 37 min
Ring in 20 hr 48 min
Ring in 13 hr 14 min
Ring in 9 hr 9 min
Ring in 13 hr 12 min
Ring in 13 hr 23 min
Ring in 17 hr 40 min
Ring in 15 hr 1 min
Ring in 5 hr 18 min
Ring in 8 hr 38 min
Ring in 8 hr 20 min
Ring in 15 hr 44 min
Ring in 23 hr 57 min
Ring in 15 hr 44 min
Ring in 3 hr 55 min
Ring in 16 hr 52 min
Ring in 4 hr 43 min
Ring in 36 min
Ring in 9 hr 49 min
Ring in 1 hr 47 min
Ring in 5 hr 54 min
Ring in 18 hr 22 min
Ring in 16 hr 44 min
Ring in 19 hr 22 min
Ring in 8 hr 45 min
Ring in 8 hr 38 min
Ring in 2 hr 4 min
Ring in 17 hr 50 min
Ring in 20 hr 10 min
Ring in 11 hr 39 min
Ring in 22 hr 34 min
Ring in 11 hr 55 min
Ring in 10 hr 9 min
Ring in 3 hr 35 min
Ring in 3 hr 27 min
Ring in 9 hr 47 min
Ring in 11 hr 6 min
Ring in 16 min
Ring in 19 hr 36 min
Ring in 9 hr 14 min
Ring in 8 hr 43 min
Ring in 17 hr 17 min
Ring in 19 hr 33 min
Ring in 9 hr 47 min
Ring in 18 hr 16 min
Ring in 13 hr 23 min
Ring in 20 hr 10 min
Ring in 13 hr 14 min
Ring in 22 hr 25 min
Ring in 21 hr 30 min
Ring in 5 hr 30 min
Ring in 16 min
Ring in 22 hr 51 min
Ring in 11 hr 34 min
Ring in 14 hr 48 min
Ring in 19 hr 34 min
Ring in 4 hr 54 min
Ring in 1 hr 29 min
Ring in 11 hr 13 min
Ring in 8 hr 59 min
Ring in 10 hr 55 min
Ring in 16 hr 44 min
Ring in 23 hr 17 min
Ring in 15 hr 5 min
Ring in 16 hr 24 min
Ring in 4 hr 11 min
Ring in 3 hr 54 min
Ring in 20 hr 33 min
Ring in 8 hr 27 min
Ring in 11 hr 34 min
Ring in 16 hr 45 min
Ring in 2 min
Ring in 5 hr 37 min
Ring in 13 hr 
Ring in 18 hr 26 min
Ring in 16 hr 53 min
Ring in 3 hr 38 min
Ring in 16 hr 13 min
Ring in 11 min
Ring in 18 hr 36 min
Ring in 17 hr 55 min
Ring in 8 hr 28 min
Ring in 16 hr 1 min
Ring in 13 hr 20 min
Ring in 16 hr 44 min
Ring in 10 hr 1 min
Ring in 2 hr 52 min
Ring in 5 hr 54 min
Ring in 14 hr 53 min
Ring in 2 hr 14 min
Ring in 4 hr 19 min
Ring in 3 hr 2 min
Ring in 14 hr 44 min
Ring in 21 hr 6 min
Ring in 8 hr 34 min
Ring in 9 hr 8 min
Ring in 20 hr 59 min
Ring in 29 min
Ring in 14 hr 12 min
Ring in 14 hr 2 min
Ring in 16 hr 58 min
Ring in 8 hr 38 min
Ring in 22 hr 59 min
Ring in 23 hr 24 min
Ring in 4 hr 26 min
Ring in 1 hr 30 min
Ring in 8 hr 26 min
Ring in 3 hr 33 min
Ring in 14 hr 32 min
Ring in 7 hr 29 min
Ring in 15 hr 16 min
Ring in 6 hr 22 min
Ring in 2 hr 41 min
Ring in 16 min
Ring in 23 hr 14 min
Ring in 14 hr 11 min
Ring in 2 hr 52 min
Ring in 3 hr 45 min
Ring in 5 hr 41 min
Ring in 4 hr 29 min
Ring in 16 hr 11 min
Ring in 23 hr 13 min
Ring in 21 hr 59 min
Ring in 4 hr 11 min
Ring in 10 hr 12 min
Ring in 6 hr 23 min
Ring in 12 hr 53 min
Ring in 21 hr 25 min
Ring in 22 hr 26 min
Ring in 20 hr 1 min
Ring in 15 hr 26 min
Ring in 22 hr 57 min
Ring in 3 hr 45 min
Ring in 9 hr 
Ring in 23 hr 17 min
Ring in 6 hr 22 min
Ring in 12 hr 42 min
Ring in 5 hr 8 min
Ring in 18 hr 53 min
Ring in 23 hr 7 min
Ring in 2 hr 42 min
Ring in 1 hr 30 min
Ring in 6 hr 28 min
Ring in 22 hr 3 min
Ring in 4 hr 56 min
Ring in 20 hr 39 min
Ring in 13 hr 35 min
Ring in 16 hr 27 min
Ring in 2 hr 7 min
Ring in 7 hr 50 min
Ring in 7 hr 30 min
Ring in 9 hr 41 min
Ring in 14 hr 29 min
Ring in 18 hr 7 min
Ring in 14 hr 25 min
Ring in 5 hr 57 min
Ring in 1 hr 59 min
Ring in 10 hr 26 min
Ring in 16 hr 49 min
Ring in 17 hr 56 min
Ring in 6 hr 16 min
Ring in 14 hr 14 min
Ring in 18 hr 17 min
Ring in 7 hr 56 min
Ring in 8 hr 31 min
Ring in 2 hr 31 min
Ring in 7 hr 46 min
Ring in 7 hr 20 min
Ring in 7 hr 29 min
Ring in 3 hr 55 min
Ring in 7 hr 27 min
Ring in 1 hr 49 min
Ring in 8 hr 54 min
Ring in 2 hr 13 min
Ring in 13 hr 5 min
Ring in 8 hr 21 min
Ring in 1 hr 10 min
Ring in 8 hr 59 min
Ring in 18 hr 26 min
Ring in 22 hr 32 min
Ring in 15 hr 32 min
Ring in 3 hr 31 min
Ring in 18 hr 6 min
Ring in 13 hr 18 min
Ring in 15 hr 58 min
Ring in 18 hr 28 min
Ring in 15 hr 1 min
Ring in 19 hr 29 min
Ring in 4 hr 51 min
Ring in 13 hr 58 min
Ring in 47 min
Ring in 15 hr 53 min
Ring in 7 hr 41 min
Ring in 21 hr 23 min
Ring in 5 min
Ring in 16 hr 8 min
Ring in 7 hr 14 min
Ring in 2 hr 20 min
Time to do something!!
